.next/types/validator.ts(53,39): error TS2307: Cannot find module '../../app/(admin)/admin/actions/products/page.js' or its corresponding type declarations.
.next/types/validator.ts(62,39): error TS2307: Cannot find module '../../app/(admin)/admin/actions/reviews/page.js' or its corresponding type declarations.
.next/types/validator.ts(80,39): error TS2307: Cannot find module '../../app/(admin)/admin/overview/@activity/page.js' or its corresponding type declarations.
.next/types/validator.ts(89,39): error TS2307: Cannot find module '../../app/(admin)/admin/overview/@alerts/page.js' or its corresponding type declarations.
.next/types/validator.ts(98,39): error TS2307: Cannot find module '../../app/(admin)/admin/overview/@modal/(.)/orders/[id]/page.js' or its corresponding type declarations.
.next/types/validator.ts(107,39): error TS2307: Cannot find module '../../app/(admin)/admin/overview/@stats/page.js' or its corresponding type declarations.
.next/types/validator.ts(116,39): error TS2307: Cannot find module '../../app/(admin)/admin/overview/orders/[id]/page.js' or its corresponding type declarations.
.next/types/validator.ts(125,39): error TS2307: Cannot find module '../../app/(admin)/admin/overview/page.js' or its corresponding type declarations.
.next/types/validator.ts(305,39): error TS2307: Cannot find module '../../app/(shop)/products/featured/page.js' or its corresponding type declarations.
.next/types/validator.ts(948,39): error TS2307: Cannot find module '../../app/(admin)/admin/overview/layout.js' or its corresponding type declarations.
app/(admin)/admin/products/ProductForm.tsx(212,16): error TS2339: Property 'EyeDropper' does not exist on type 'Window & typeof globalThis'.
app/(admin)/admin/products/ProductForm.tsx(213,37): error TS2339: Property 'EyeDropper' does not exist on type 'Window & typeof globalThis'.
app/(admin)/admin/products/ProductForm.tsx(446,78): error TS2345: Argument of type 'unknown' is not assignable to parameter of type 'Blob | MediaSource'.
app/(admin)/admin/products/ProductForm.tsx(522,22): error TS2339: Property 'title' does not exist on type '{}'.
app/(admin)/admin/products/ProductForm.tsx(523,25): error TS2339: Property 'category' does not exist on type '{}'.
app/(admin)/admin/products/ProductForm.tsx(524,50): error TS2339: Property 'price' does not exist on type '{}'.
app/(admin)/admin/products/ProductForm.tsx(634,21): error TS2339: Property 'title' does not exist on type '{}'.
app/(admin)/admin/products/ProductForm.tsx(634,118): error TS2339: Property 'title' does not exist on type '{}'.
app/(admin)/admin/products/ProductForm.tsx(651,23): error TS2339: Property 'price' does not exist on type '{}'.
app/(admin)/admin/products/ProductForm.tsx(651,120): error TS2339: Property 'price' does not exist on type '{}'.
app/(admin)/admin/products/ProductForm.tsx(661,72): error TS2345: Argument of type 'string' is not assignable to parameter of type 'SetStateAction<number>'.
app/(admin)/admin/products/ProductForm.tsx(683,46): error TS2339: Property 'value' does not exist on type 'EventTarget'.
app/(admin)/admin/products/ProductForm.tsx(686,36): error TS2339: Property 'value' does not exist on type 'EventTarget'.
app/(admin)/admin/products/ProductForm.tsx(695,41): error TS2339: Property 'value' does not exist on type 'ChildNode'.
app/(admin)/admin/products/ProductForm.tsx(698,31): error TS2339: Property 'value' does not exist on type 'ChildNode'.
app/(admin)/admin/products/ProductForm.tsx(760,23): error TS2339: Property 'category' does not exist on type '{}'.
app/(admin)/admin/products/ProductForm.tsx(760,123): error TS2339: Property 'category' does not exist on type '{}'.
app/(admin)/admin/products/ProductForm.tsx(804,59): error TS2367: This comparison appears to be unintentional because the types 'boolean' and 'string' have no overlap.
app/(admin)/admin/products/ProductForm.tsx(804,59): error TS2345: Argument of type 'false | "main"' is not assignable to parameter of type 'SetStateAction<boolean>'.
  Type '"main"' is not assignable to type 'SetStateAction<boolean>'.
app/(admin)/admin/products/ProductForm.tsx(807,24): error TS2367: This comparison appears to be unintentional because the types 'boolean' and 'string' have no overlap.
app/(admin)/admin/products/ProductForm.tsx(812,18): error TS2367: This comparison appears to be unintentional because the types 'boolean' and 'string' have no overlap.
app/(admin)/admin/products/ProductForm.tsx(938,61): error TS2367: This comparison appears to be unintentional because the types 'boolean' and 'number' have no overlap.
app/(admin)/admin/products/ProductForm.tsx(938,61): error TS2345: Argument of type 'number | false' is not assignable to parameter of type 'SetStateAction<boolean>'.
  Type 'number' is not assignable to type 'SetStateAction<boolean>'.
app/(admin)/admin/products/ProductForm.tsx(941,26): error TS2367: This comparison appears to be unintentional because the types 'boolean' and 'number' have no overlap.
app/(admin)/admin/products/ProductForm.tsx(946,20): error TS2367: This comparison appears to be unintentional because the types 'boolean' and 'number' have no overlap.
app/(admin)/admin/products/ProductForm.tsx(1131,27): error TS2353: Object literal may only specify known properties, and 'zoomData' does not exist in type 'SetStateAction<{ show: boolean; x: number; y: number; hex: string; }>'.
app/(admin)/admin/products/ProductForm.tsx(1168,32): error TS2339: Property 'zoomData' does not exist on type '{ show: boolean; x: number; y: number; hex: string; }'.
app/(admin)/admin/products/ProductForm.tsx(1169,43): error TS2339: Property 'zoomData' does not exist on type '{ show: boolean; x: number; y: number; hex: string; }'.
